2026-09-03 14:59:11,346 - __main__ - INFO - API call made to: https://api.pwnedpasswords.com/range/62d5a
2026-09-03 14:59:11,346 - __main__ - ERROR - Error fetching data: 400 b'The hash prefix was not in a valid format'
2026-09-03 14:59:57,621 - checkpassword.py - get_pwned_passwords - INFO - API call made to: https://api.pwnedpasswords.com/range/62d5a
2026-09-03 14:59:57,621 - checkpassword.py - get_pwned_passwords - ERROR - Error fetching data: 400 b'The hash prefix was not in a valid format'
2026-09-03 15:15:47,578 - checkpassword.py - get_pwned_passwords - INFO - API call made to: https://api.pwnedpasswords.com/range/f7ff9
2026-09-03 15:17:49,210 - checkpassword.py - get_pwned_passwords - INFO - API call made to: https://api.pwnedpasswords.com/range/f7ff9
2026-09-03 15:37:05,318 - checkpassword.py - get_pwned_passwords - INFO - API call made to: https://api.pwnedpasswords.com/range/5baa6
2026-09-03 15:37:05,321 - checkpassword.py - get_pwned_passwords - INFO - API call made to: https://api.pwnedpasswords.com/range/5c4ba
2026-09-03 15:37:05,324 - checkpassword.py - get_pwned_passwords - INFO - API call made to: https://api.pwnedpasswords.com/range/5baa6
2026-09-03 15:37:05,325 - checkpassword.py - get_pwned_passwords - ERROR - Error fetching data: 503 b'Service unavailable'
2026-09-03 15:42:45,297 - checkpassword.py - get_pwned_passwords - INFO - API call made to: https://api.pwnedpasswords.com/range/5baa6
2026-09-03 15:42:45,298 - checkpassword.py - get_pwned_passwords - INFO - API call made to: https://api.pwnedpasswords.com/range/5c4ba
2026-09-03 15:42:45,299 - checkpassword.py - get_pwned_passwords - INFO - API call made to: https://api.pwnedpasswords.com/range/5baa6
2026-09-03 15:42:45,300 - checkpassword.py - get_pwned_passwords - ERROR - Error fetching data: 503 b'Service unavailable'
2026-09-03 15:42:49,724 - checkpassword.py - get_pwned_passwords - INFO - API call made to: https://api.pwnedpasswords.com/range/5baa6
2026-09-03 15:42:49,725 - checkpassword.py - get_pwned_passwords - INFO - API call made to: https://api.pwnedpasswords.com/range/5c4ba
2026-09-03 15:42:49,726 - checkpassword.py - get_pwned_passwords - INFO - API call made to: https://api.pwnedpasswords.com/range/5baa6
2026-09-03 15:42:49,726 - checkpassword.py - get_pwned_passwords - ERROR - Error fetching data: 503 b'Service unavailable'
2026-09-03 15:45:08,429 - checkpassword.py - get_pwned_passwords - INFO - API call made to: https://api.pwnedpasswords.com/range/5baa6
2026-09-03 15:45:08,430 - checkpassword.py - get_pwned_passwords - INFO - API call made to: https://api.pwnedpasswords.com/range/5c4ba
2026-09-03 15:45:08,431 - checkpassword.py - get_pwned_passwords - INFO - API call made to: https://api.pwnedpasswords.com/range/5baa6
2026-09-03 15:45:08,431 - checkpassword.py - get_pwned_passwords - ERROR - Error fetching data: 503 b'Service unavailable'
